============================= test session starts =============================
platform win32 -- Python 3.9.0, pytest-6.2.4, py-1.10.0, pluggy-0.13.1
rootdir: C:\Users\elger\OneDrive\Desktop\Git\Pytest
plugins: cov-2.12.1
collected 11 items

test_functions.py ...                                                    [ 27%]
test_restaurante.py ........                                             [100%]

----------- coverage: platform win32, python 3.9.0-final-0 -----------
Name             Stmts   Miss  Cover
------------------------------------
functions.py         2      0   100%
restaurante.py      10      1    90%
------------------------------------
TOTAL               12      1    92%


============================= 11 passed in 0.13s ==============================
